2025-09-28T12:30:12+00:00 INFO Started creating list session.
2025-09-28T12:30:12+00:00 ERROR Failed to create LIST session. Exception caught: Syde\Vendor\Inpsyde\PayoneerSdk\Api\Command\Exception\CommandException: Failed to create list session. in C:\xampp\htdocs\ekart\wp-content\plugins\payoneer-checkout\modules\inpsyde\payoneer-sdk\src\Api\Command\CreateListCommand.php:136
Previous:
Syde\Vendor\Inpsyde\PayoneerSdk\Client\ApiClientException: Api request failed. Exception was caught when trying to send request: Địa chỉ URL không hợp lệ. in C:\xampp\htdocs\ekart\wp-content\plugins\payoneer-checkout\modules\inpsyde\payoneer-sdk\src\Client\ApiClient.php:166
Previous:
Syde\Vendor\Inpsyde\Wp\HttpClient\Exception\NetworkException: Địa chỉ URL không hợp lệ. in C:\xampp\htdocs\ekart\wp-content\plugins\payoneer-checkout\vendor\inpsyde\psr-18-wp-http-client\src\Client.php:74 CONTEXT: {"exception":{}}
2025-09-28T12:30:16+00:00 INFO Started creating list session.
2025-09-28T12:30:16+00:00 ERROR Failed to create LIST session. Exception caught: Syde\Vendor\Inpsyde\PayoneerSdk\Api\Command\Exception\CommandException: Failed to create list session. in C:\xampp\htdocs\ekart\wp-content\plugins\payoneer-checkout\modules\inpsyde\payoneer-sdk\src\Api\Command\CreateListCommand.php:136
Previous:
Syde\Vendor\Inpsyde\PayoneerSdk\Client\ApiClientException: Api request failed. Exception was caught when trying to send request: Địa chỉ URL không hợp lệ. in C:\xampp\htdocs\ekart\wp-content\plugins\payoneer-checkout\modules\inpsyde\payoneer-sdk\src\Client\ApiClient.php:166
Previous:
Syde\Vendor\Inpsyde\Wp\HttpClient\Exception\NetworkException: Địa chỉ URL không hợp lệ. in C:\xampp\htdocs\ekart\wp-content\plugins\payoneer-checkout\vendor\inpsyde\psr-18-wp-http-client\src\Client.php:74 CONTEXT: {"exception":{}}
2025-09-28T12:31:30+00:00 INFO Started creating list session.
2025-09-28T12:31:30+00:00 ERROR Failed to create LIST session. Exception caught: Syde\Vendor\Inpsyde\PayoneerSdk\Api\Command\Exception\CommandException: Failed to create list session. in C:\xampp\htdocs\ekart\wp-content\plugins\payoneer-checkout\modules\inpsyde\payoneer-sdk\src\Api\Command\CreateListCommand.php:136
Previous:
Syde\Vendor\Inpsyde\PayoneerSdk\Client\ApiClientException: Api request failed. Exception was caught when trying to send request: Địa chỉ URL không hợp lệ. in C:\xampp\htdocs\ekart\wp-content\plugins\payoneer-checkout\modules\inpsyde\payoneer-sdk\src\Client\ApiClient.php:166
Previous:
Syde\Vendor\Inpsyde\Wp\HttpClient\Exception\NetworkException: Địa chỉ URL không hợp lệ. in C:\xampp\htdocs\ekart\wp-content\plugins\payoneer-checkout\vendor\inpsyde\psr-18-wp-http-client\src\Client.php:74 CONTEXT: {"exception":{}}
2025-09-28T12:31:41+00:00 INFO Started creating list session.
2025-09-28T12:31:41+00:00 ERROR Failed to create LIST session. Exception caught: Syde\Vendor\Inpsyde\PayoneerSdk\Api\Command\Exception\CommandException: Failed to create list session. in C:\xampp\htdocs\ekart\wp-content\plugins\payoneer-checkout\modules\inpsyde\payoneer-sdk\src\Api\Command\CreateListCommand.php:136
Previous:
Syde\Vendor\Inpsyde\PayoneerSdk\Client\ApiClientException: Api request failed. Exception was caught when trying to send request: Địa chỉ URL không hợp lệ. in C:\xampp\htdocs\ekart\wp-content\plugins\payoneer-checkout\modules\inpsyde\payoneer-sdk\src\Client\ApiClient.php:166
Previous:
Syde\Vendor\Inpsyde\Wp\HttpClient\Exception\NetworkException: Địa chỉ URL không hợp lệ. in C:\xampp\htdocs\ekart\wp-content\plugins\payoneer-checkout\vendor\inpsyde\psr-18-wp-http-client\src\Client.php:74 CONTEXT: {"exception":{}}
2025-09-28T12:31:56+00:00 INFO Started creating list session.
2025-09-28T12:31:56+00:00 ERROR Failed to create LIST session. Exception caught: Syde\Vendor\Inpsyde\PayoneerSdk\Api\Command\Exception\CommandException: Failed to create list session. in C:\xampp\htdocs\ekart\wp-content\plugins\payoneer-checkout\modules\inpsyde\payoneer-sdk\src\Api\Command\CreateListCommand.php:136
Previous:
Syde\Vendor\Inpsyde\PayoneerSdk\Client\ApiClientException: Api request failed. Exception was caught when trying to send request: Địa chỉ URL không hợp lệ. in C:\xampp\htdocs\ekart\wp-content\plugins\payoneer-checkout\modules\inpsyde\payoneer-sdk\src\Client\ApiClient.php:166
Previous:
Syde\Vendor\Inpsyde\Wp\HttpClient\Exception\NetworkException: Địa chỉ URL không hợp lệ. in C:\xampp\htdocs\ekart\wp-content\plugins\payoneer-checkout\vendor\inpsyde\psr-18-wp-http-client\src\Client.php:74 CONTEXT: {"exception":{}}
2025-09-28T12:38:26+00:00 INFO Started creating list session.
2025-09-28T12:38:26+00:00 ERROR Failed to create LIST session. Exception caught: Syde\Vendor\Inpsyde\PayoneerSdk\Api\Command\Exception\CommandException: Failed to create list session. in C:\xampp\htdocs\ekart\wp-content\plugins\payoneer-checkout\modules\inpsyde\payoneer-sdk\src\Api\Command\CreateListCommand.php:136
Previous:
Syde\Vendor\Inpsyde\PayoneerSdk\Client\ApiClientException: Api request failed. Exception was caught when trying to send request: Địa chỉ URL không hợp lệ. in C:\xampp\htdocs\ekart\wp-content\plugins\payoneer-checkout\modules\inpsyde\payoneer-sdk\src\Client\ApiClient.php:166
Previous:
Syde\Vendor\Inpsyde\Wp\HttpClient\Exception\NetworkException: Địa chỉ URL không hợp lệ. in C:\xampp\htdocs\ekart\wp-content\plugins\payoneer-checkout\vendor\inpsyde\psr-18-wp-http-client\src\Client.php:74 CONTEXT: {"exception":{}}
2025-09-28T12:51:17+00:00 INFO Started creating list session.
2025-09-28T12:51:17+00:00 ERROR Failed to create LIST session. Exception caught: Syde\Vendor\Inpsyde\PayoneerSdk\Api\Command\Exception\CommandException: Failed to create list session. in C:\xampp\htdocs\ekart\wp-content\plugins\payoneer-checkout\modules\inpsyde\payoneer-sdk\src\Api\Command\CreateListCommand.php:136
Previous:
Syde\Vendor\Inpsyde\PayoneerSdk\Client\ApiClientException: Api request failed. Exception was caught when trying to send request: Địa chỉ URL không hợp lệ. in C:\xampp\htdocs\ekart\wp-content\plugins\payoneer-checkout\modules\inpsyde\payoneer-sdk\src\Client\ApiClient.php:166
Previous:
Syde\Vendor\Inpsyde\Wp\HttpClient\Exception\NetworkException: Địa chỉ URL không hợp lệ. in C:\xampp\htdocs\ekart\wp-content\plugins\payoneer-checkout\vendor\inpsyde\psr-18-wp-http-client\src\Client.php:74 CONTEXT: {"exception":{}}
2025-09-28T12:51:25+00:00 INFO Started creating list session.
2025-09-28T12:51:25+00:00 ERROR Failed to create LIST session. Exception caught: Syde\Vendor\Inpsyde\PayoneerSdk\Api\Command\Exception\CommandException: Failed to create list session. in C:\xampp\htdocs\ekart\wp-content\plugins\payoneer-checkout\modules\inpsyde\payoneer-sdk\src\Api\Command\CreateListCommand.php:136
Previous:
Syde\Vendor\Inpsyde\PayoneerSdk\Client\ApiClientException: Api request failed. Exception was caught when trying to send request: Địa chỉ URL không hợp lệ. in C:\xampp\htdocs\ekart\wp-content\plugins\payoneer-checkout\modules\inpsyde\payoneer-sdk\src\Client\ApiClient.php:166
Previous:
Syde\Vendor\Inpsyde\Wp\HttpClient\Exception\NetworkException: Địa chỉ URL không hợp lệ. in C:\xampp\htdocs\ekart\wp-content\plugins\payoneer-checkout\vendor\inpsyde\psr-18-wp-http-client\src\Client.php:74 CONTEXT: {"exception":{}}
2025-09-28T12:51:40+00:00 INFO Started creating list session.
2025-09-28T12:51:40+00:00 ERROR Failed to create LIST session. Exception caught: Syde\Vendor\Inpsyde\PayoneerSdk\Api\Command\Exception\CommandException: Failed to create list session. in C:\xampp\htdocs\ekart\wp-content\plugins\payoneer-checkout\modules\inpsyde\payoneer-sdk\src\Api\Command\CreateListCommand.php:136
Previous:
Syde\Vendor\Inpsyde\PayoneerSdk\Client\ApiClientException: Api request failed. Exception was caught when trying to send request: Địa chỉ URL không hợp lệ. in C:\xampp\htdocs\ekart\wp-content\plugins\payoneer-checkout\modules\inpsyde\payoneer-sdk\src\Client\ApiClient.php:166
Previous:
Syde\Vendor\Inpsyde\Wp\HttpClient\Exception\NetworkException: Địa chỉ URL không hợp lệ. in C:\xampp\htdocs\ekart\wp-content\plugins\payoneer-checkout\vendor\inpsyde\psr-18-wp-http-client\src\Client.php:74 CONTEXT: {"exception":{}}
2025-09-28T12:51:48+00:00 INFO Started creating list session.
2025-09-28T12:51:48+00:00 ERROR Failed to create LIST session. Exception caught: Syde\Vendor\Inpsyde\PayoneerSdk\Api\Command\Exception\CommandException: Failed to create list session. in C:\xampp\htdocs\ekart\wp-content\plugins\payoneer-checkout\modules\inpsyde\payoneer-sdk\src\Api\Command\CreateListCommand.php:136
Previous:
Syde\Vendor\Inpsyde\PayoneerSdk\Client\ApiClientException: Api request failed. Exception was caught when trying to send request: Địa chỉ URL không hợp lệ. in C:\xampp\htdocs\ekart\wp-content\plugins\payoneer-checkout\modules\inpsyde\payoneer-sdk\src\Client\ApiClient.php:166
Previous:
Syde\Vendor\Inpsyde\Wp\HttpClient\Exception\NetworkException: Địa chỉ URL không hợp lệ. in C:\xampp\htdocs\ekart\wp-content\plugins\payoneer-checkout\vendor\inpsyde\psr-18-wp-http-client\src\Client.php:74 CONTEXT: {"exception":{}}
2025-09-28T12:51:53+00:00 INFO Started creating list session.
2025-09-28T12:51:53+00:00 ERROR Failed to create LIST session. Exception caught: Syde\Vendor\Inpsyde\PayoneerSdk\Api\Command\Exception\CommandException: Failed to create list session. in C:\xampp\htdocs\ekart\wp-content\plugins\payoneer-checkout\modules\inpsyde\payoneer-sdk\src\Api\Command\CreateListCommand.php:136
Previous:
Syde\Vendor\Inpsyde\PayoneerSdk\Client\ApiClientException: Api request failed. Exception was caught when trying to send request: Địa chỉ URL không hợp lệ. in C:\xampp\htdocs\ekart\wp-content\plugins\payoneer-checkout\modules\inpsyde\payoneer-sdk\src\Client\ApiClient.php:166
Previous:
Syde\Vendor\Inpsyde\Wp\HttpClient\Exception\NetworkException: Địa chỉ URL không hợp lệ. in C:\xampp\htdocs\ekart\wp-content\plugins\payoneer-checkout\vendor\inpsyde\psr-18-wp-http-client\src\Client.php:74 CONTEXT: {"exception":{}}
2025-09-28T12:52:04+00:00 INFO Started creating list session.
2025-09-28T12:52:04+00:00 ERROR Failed to create LIST session. Exception caught: Syde\Vendor\Inpsyde\PayoneerSdk\Api\Command\Exception\CommandException: Failed to create list session. in C:\xampp\htdocs\ekart\wp-content\plugins\payoneer-checkout\modules\inpsyde\payoneer-sdk\src\Api\Command\CreateListCommand.php:136
Previous:
Syde\Vendor\Inpsyde\PayoneerSdk\Client\ApiClientException: Api request failed. Exception was caught when trying to send request: Địa chỉ URL không hợp lệ. in C:\xampp\htdocs\ekart\wp-content\plugins\payoneer-checkout\modules\inpsyde\payoneer-sdk\src\Client\ApiClient.php:166
Previous:
Syde\Vendor\Inpsyde\Wp\HttpClient\Exception\NetworkException: Địa chỉ URL không hợp lệ. in C:\xampp\htdocs\ekart\wp-content\plugins\payoneer-checkout\vendor\inpsyde\psr-18-wp-http-client\src\Client.php:74 CONTEXT: {"exception":{}}
